MPLINK 4.49, Linker
Linker Map File - Created Fri Nov 17 14:52:57 2017

                                 Section Info
                  Section       Type    Address   Location Size(Bytes)
                ---------  ---------  ---------  ---------  ---------
                   .org_0       code   0x000000    program   0x000000
                   .org_1       code   0x000000    program   0x000004
                   .org_2       code   0x0000f8    program   0x00001e
      .config_0FFF_SLEW.O       code   0x000fff    program   0x000002



                              Program Memory Usage 
                               Start         End      
                           ---------   ---------      
                            0x000000    0x000001      
                            0x0000f8    0x000106      
                            0x000fff    0x000fff      
            18 out of 517 program addresses used, program memory utilization is 3%



                              Symbols - Sorted by Name
                     Name    Address   Location    Storage File                     
                ---------  ---------  ---------  --------- ---------                
                  ClockHi   0x0000fe    program     static C:\GIT-experiment\slew.asm
                 ClockLow   0x000101    program     static C:\GIT-experiment\slew.asm
                     Loop   0x0000fe    program     static C:\GIT-experiment\slew.asm
                    Start   0x0000f8    program     static C:\GIT-experiment\slew.asm



                              Symbols - Sorted by Address
                     Name    Address   Location    Storage File                     
                ---------  ---------  ---------  --------- ---------                
                    Start   0x0000f8    program     static C:\GIT-experiment\slew.asm
                  ClockHi   0x0000fe    program     static C:\GIT-experiment\slew.asm
                     Loop   0x0000fe    program     static C:\GIT-experiment\slew.asm
                 ClockLow   0x000101    program     static C:\GIT-experiment\slew.asm


