MPASM  5.51                          SLEW.ASM   11-20-2017  14:13:15         PAGE  1


LOC  OBJECT CODE     LINE SOURCE TEXT
  VALUE

                      00001 ;****************************
                      00002 ;*
                      00003 ;*     Slew Rate fix
                      00004 ;*
                      00005 ;*     Version 1.0
                      00006 ;*
                      00007 ;*     Written by:  William G. Grimm
                      00008 ;*
                      00009 ;*
                      00010 ;*     by      Avorex Design, Microchip Consultant's number 904-218
                      00011 ;*             12811 Bluhill Road
                      00012 ;*             Silver Spring, Md. 20906
                      00013 ;*
                      00014 ;*             zdiode@avorex.com
                      00015 ;*             www.avorex.com
                      00016 ;*
                      00017 ;*
                      00018 ;*     Description:  This is firware is used to just limit the 
                      00019 ;*             slew rate of the clock line to the memory chip.
                      00020 ;*
                      00021 ;*     Processor:   Microchip PIC12C508A
                      00022 ;*
                      00023 ;*     Frequency:   4 MHz internal clock
                      00024 ;*
                      00025 ;*     Last Changed:  November 17, 2017 
                      00026 ;*
                      00027 ;*
                      00028 ;*     1.0     First release
                      00029 ;*     1746a   Changed a line as a GIT experiment.
                      00030 ;*
                      00031 ;*
                      00032 ;****************************
                      00033 ;
                      00034 ;****************************
                      00035 ; Configuration fuses, See page 37
                      00036 ;
                      00037 #include        "p12C508A.inc"
                      00001         LIST
                      00002 
                      00003 ;==========================================================================
                      00004 ;  MPASM PIC12C508A processor include
                      00005 ; 
                      00006 ;  (c) Copyright 1999-2013 Microchip Technology, All rights reserved
                      00007 ;==========================================================================
                      00008 
                      00158         LIST
0FFF   0FEA           00038         __config _MCLRE_OFF & _CP_OFF & _WDT_OFF & _IntRC_OSC
                      00039                               ; Internal RC oscillator, watchdog timer off,
                      00040                               ; and code protect on.
                      00041 
                      00042 
                      00043 
                      00044 ;****************************
MPASM  5.51                          SLEW.ASM   11-20-2017  14:13:15         PAGE  2


LOC  OBJECT CODE     LINE SOURCE TEXT
  VALUE

                      00045 ; Assembler Switches
                      00046 ;****************************
                      00047 ;
                      00048 ;#define SIM                   ; adjustment for simulation
                      00049 ;
                      00050 ;****************************
                      00051 ; Assembler controls
                      00052 ;****************************
                      00053      ERRORLEVEL -305          ; eliminate nuisance messages
                      00054      ERRORLEVEL -224          ; do not flag the TRIS and OPTION instructions
                      00055      ERRORLEVEL -306          ; eliminate nuisance messages
                      00056 ;
                      00057 ;****************************
                      00058 ; Memory
                      00059 ;****************************
                      00060 ; none used
                      00061 ;
                      00062 #define CLK_IN  3             ; clock in on GPIO, pin 4
                      00063 #define CLK_OUT 1             ; clock out on GPIO, pin 6
                      00064 ;
                      00065 ;****************************
                      00066 ;*     Reset Vector
                      00067 ;****************************
0000                  00068      ORG      0
0000   0025           00069      movwf    OSCCAL
0001   0AF8           00070      goto     Start
                      00071 ;
                      00072 ;                             leave space for modifying code
                      00073 ;
00F8                  00074      org      0xf8
00F8                  00075 Start:
00F8   0CBA           00076      movlw    0xba            ; 32:1 prescaler on WDT, TMR0 disabled, Pullups on.
00F9   0002           00077      option
00FA   0C08           00078      movlw    0x08            ; all that can be outputs, are.
00FB   0006           00079      tris     GPIO
00FC   0766           00080      btfss    GPIO,CLK_IN     ; start it off
00FD   0B01           00081      goto     ClockLow        ; start the clock off low
00FE                  00082 Loop:
00FE                  00083 ClockHi:
00FE   0526           00084      bsf      GPIO,CLK_OUT    ; Output clock high
00FF   0666           00085      btfsc    GPIO,CLK_IN     ; skip when clock goes low
0100   0AFF           00086      goto     $-1             ; /
                      00087 ;
0101                  00088 ClockLow:
0101   0426           00089      bcf      GPIO,CLK_OUT    ; Output clock low
0102   0766           00090      btfss    GPIO,CLK_IN     ; skip when clock goes high
0103   0B02           00091      goto     $-1             ; /
0104   0526           00092      bsf      GPIO,CLK_OUT    ; Output clock high
0105   0AFE           00093      goto     Loop
0106   0AF8           00094      goto     Start           ; changed as a GIT experiment.  Anyway if program flow got here something 
                            bad happened.
0107   0B01           00095      goto     ClockLow        ; Changed on the Office PC.
                      00096 
MPASM  5.51                          SLEW.ASM   11-20-2017  14:13:15         PAGE  3


LOC  OBJECT CODE     LINE SOURCE TEXT
  VALUE

                      00097          end
MPASM  5.51                          SLEW.ASM   11-20-2017  14:13:15         PAGE  4


SYMBOL TABLE
  LABEL                             VALUE 

C                                 00000000
CAL0                              00000002
CAL1                              00000003
CAL2                              00000004
CAL3                              00000005
CAL4                              00000006
CAL5                              00000007
CLK_IN                            3
CLK_OUT                           1
ClockHi                           000000FE
ClockLow                          00000101
DC                                00000001
F                                 00000001
FSR                               00000004
GP0                               00000000
GP1                               00000001
GP2                               00000002
GP3                               00000003
GP4                               00000004
GP5                               00000005
GPIO                              00000006
GPWUF                             00000007
INDF                              00000000
Loop                              000000FE
NOT_GPPU                          00000006
NOT_GPWU                          00000007
NOT_PD                            00000003
NOT_TO                            00000004
OSCCAL                            00000005
OSCFST                            00000003
OSCSLW                            00000002
PA0                               00000005
PCL                               00000002
PS0                               00000000
PS1                               00000001
PS2                               00000002
PSA                               00000003
STATUS                            00000003
Start                             000000F8
T0CS                              00000005
T0SE                              00000004
TMR0                              00000001
TRIS0                             00000000
TRIS1                             00000001
TRIS2                             00000002
TRIS3                             00000003
TRIS4                             00000004
TRIS5                             00000005
W                                 00000000
Z                                 00000002
_CONFIG                           00000FFF
_CP_OFF                           00000FFF
_CP_ON                            00000FF7
MPASM  5.51                          SLEW.ASM   11-20-2017  14:13:15         PAGE  5


SYMBOL TABLE
  LABEL                             VALUE 

_ExtRC_OSC                        00000FFF
_IDLOC0                           00000200
_IDLOC1                           00000201
_IDLOC2                           00000202
_IDLOC3                           00000203
_IntRC_OSC                        00000FFE
_LP_OSC                           00000FFC
_MCLRE_OFF                        00000FEF
_MCLRE_ON                         00000FFF
_OSC_ExtRC                        00000FFF
_OSC_IntRC                        00000FFE
_OSC_LP                           00000FFC
_OSC_XT                           00000FFD
_WDT_OFF                          00000FFB
_WDT_ON                           00000FFF
_XT_OSC                           00000FFD
__12C508A                         00000001


MEMORY USAGE MAP ('X' = Used,  '-' = Unused)

0000 : XX-------------- ---------------- ---------------- ----------------
00C0 : ---------------- ---------------- ---------------- --------XXXXXXXX
0100 : XXXXXXXX-------- ---------------- ---------------- ----------------
0FC0 : ---------------- ---------------- ---------------- ---------------X

All other memory blocks unused.

Program Memory Words Used:    18
Program Memory Words Free:   494


Errors   :     0
Warnings :     0 reported,     0 suppressed
Messages :     0 reported,     0 suppressed

